
[1m[30m[46m RUN [49m[39m[22m [36mv4.1.10 [39m[90mC:/Users/Hp/OneDrive/Desktop/InsureAi/frontend[39m

 [32mΓ£ô[39m src/test/LoginForm.test.tsx [2m([22m[2m4 tests[22m[2m)[22m[33m 344[2mms[22m[39m

[2m Test Files [22m [1m[32m1 passed[39m[22m[90m (1)[39m
[2m      Tests [22m [1m[32m4 passed[39m[22m[90m (4)[39m
[2m   Start at [22m 21:53:41
[2m   Duration [22m 3.81s[2m (transform 84ms, setup 236ms, import 321ms, tests 344ms, environment 2.48s)[22m

